// Jest Snapshot v1, https://goo.gl/fbAQLP

exports[`Explore snapshot comparison 1`] = `
"{\\"index\\":{\\"_index\\":\\"bobgroup\\",\\"_type\\":\\"BobGroup\\",\\"_id\\":100}}
{\\"test\\":1,\\"@id\\":100,\\"@timestamp\\":\\"1970-01-01T00:00:00.200Z\\",\\"@message\\":\\"{\\\\\\"test\\\\\\": 1}\\",\\"@owner\\":\\"Alice\\",\\"@log_group\\":\\"BobGroup\\",\\"@log_stream\\":\\"CarolStream\\"}
{\\"index\\":{\\"_index\\":\\"bobgroup\\",\\"_type\\":\\"BobGroup\\",\\"_id\\":1000}}
{\\"foo\\":true,\\"baz\\":215,\\"$boz\\":{\\"testBoz\\":1},\\"boz\\":\\"{\\\\\\"testBoz\\\\\\": 1}\\",\\"@id\\":1000,\\"@timestamp\\":\\"1970-01-01T00:00:01.000Z\\",\\"@message\\":\\"{\\\\\\"test\\\\\\": 1}\\",\\"@owner\\":\\"Alice\\",\\"@log_group\\":\\"BobGroup\\",\\"@log_stream\\":\\"CarolStream\\"}
"
`;

exports[`buildRequest snapshot comparison 1`] = `
Object {
  "body": "This is my placeholder body",
  "headers": Object {
    "Authorization": "AWS4-HMAC-SHA256 Credential=undefined/20191217/region/service/aws4_request, SignedHeaders=content-length;content-type;host;x-amz-date;x-amz-security-token, Signature=deabda5b473b176fd079f75afcac0b04b62806aad8657493eb99c9a83559a6c1",
    "Content-Length": 27,
    "Content-Type": "application/json",
    "Host": "part1.region.service.amazonaws.com",
    "X-Amz-Date": "20191217T032400Z",
    "X-Amz-Security-Token": undefined,
  },
  "host": "part1.region.service.amazonaws.com",
  "method": "POST",
  "path": "/_bulk",
}
`;
